#
# There is insufficient memory for the Java Runtime Environment to continue.
# Native memory allocation (malloc) failed to allocate 1048576 bytes for AllocateHeap
# Possible reasons:
#   The system is out of physical RAM or swap space
#   The process is running with CompressedOops enabled, and the Java Heap may be blocking the growth of the native heap
# Possible solutions:
#   Reduce memory load on the system
#   Increase physical memory or swap space
#   Check if swap backing store is full
#   Decrease Java heap size (-Xmx/-Xms)
#   Decrease number of Java threads
#   Decrease Java thread stack sizes (-Xss)
#   Set larger code cache with -XX:ReservedCodeCacheSize=
#   JVM is running with Unscaled Compressed Oops mode in which the Java heap is
#     placed in the first 4GB address space. The Java Heap base address is the
#     maximum limit for the native heap growth. Please use -XX:HeapBaseMinAddress
#     to set the Java Heap base and to place the Java Heap above 4GB virtual address.
# This output file may be truncated or incomplete.
#
#  Out of Memory Error (allocation.cpp:44), pid=96676, tid=16240
#
# JRE version:  (19.0.2+7) (build )
# Java VM: Java HotSpot(TM) 64-Bit Server VM (19.0.2+7-44, mixed mode, sharing, tiered, compressed oops, compressed class ptrs, g1 gc, windows-amd64)
# No core dump will be written. Minidumps are not enabled by default on client versions of Windows
#

---------------  S U M M A R Y ------------

Command Line: -Xmx64m -Xms64m -Dorg.gradle.appname=gradlew G:\react native project\AwesomeProject\android\\gradle\wrapper\gradle-wrapper.jar app:installDebug -PreactNativeDevServerPort=8081

Host: 13th Gen Intel(R) Core(TM) i5-1334U, 12 cores, 15G,  Windows 11 , 64 bit Build 26100 (10.0.26100.4768)
Time: Thu Jul 31 10:56:10 2025 GMT Summer Time elapsed time: 0.432864 seconds (0d 0h 0m 0s)

---------------  T H R E A D  ---------------

Current thread (0x0000016c07908af0):  JavaThread "Unknown thread" [_thread_in_vm, id=16240, stack(0x0000001365800000,0x0000001365900000)]

Stack: [0x0000001365800000,0x0000001365900000]
Native frames: (J=compiled Java code, j=interpreted, Vv=VM code, C=native code)
V  [jvm.dll+0x6ee21a]
V  [jvm.dll+0x85765e]
V  [jvm.dll+0x85904e]
V  [jvm.dll+0x859703]
V  [jvm.dll+0x28298f]
V  [jvm.dll+0xc406b]
V  [jvm.dll+0x335779]
V  [jvm.dll+0x32d874]
V  [jvm.dll+0x821780]
V  [jvm.dll+0x3c2661]
V  [jvm.dll+0x801f51]
V  [jvm.dll+0x44ae8f]
V  [jvm.dll+0x44c811]
C  [jli.dll+0x5287]
C  [ucrtbase.dll+0x37b0]
C  [KERNEL32.DLL+0x2e8d7]
C  [ntdll.dll+0x3c34c]


---------------  P R O C E S S  ---------------

Threads class SMR info:
_java_thread_list=0x00007ff94f47d048, length=0, elements={
}

Java Threads: ( => current thread )

Other Threads:
  0x0000016c0792ed40 WorkerThread "GC Thread#0" [stack: 0x0000001365900000,0x0000001365a00000] [id=68524]

[error occurred during error reporting (printing all threads), id 0xc0000005, EXCEPTION_ACCESS_VIOLATION (0xc0000005) at pc=0x00007ff94ec3a930]

VM state: not at safepoint (not fully initialized)

VM Mutex/Monitor currently owned by a thread:  ([mutex/lock_event])
[0x0000016c079077d0] Heap_lock - owner thread: 0x0000016c07908af0

Heap address: 0x00000000fc000000, size: 64 MB, Compressed Oops mode: 32-bit

CDS archive(s) mapped at: [0x0000000000000000-0x0000000000000000-0x0000000000000000), size 0, SharedBaseAddress: 0x0000000800000000, ArchiveRelocationMode: 0.
Narrow klass base: 0x0000000000000000, Narrow klass shift: 0, Narrow klass range: 0x0

GC Precious Log:
 CardTable entry size: 512
 Card Set container configuration: InlinePtr #cards 5 size 8 Array Of Cards #cards 12 size 40 Howl #buckets 4 coarsen threshold 1843 Howl Bitmap #cards 512 size 80 coarsen threshold 460 Card regions per heap region 1 cards per card region 2048

Heap:
 garbage-first heap   total 0K, used 0K [0x00000000fc000000, 0x0000000100000000)
  region size 1024K, 0 young (0K), 0 survivors (0K)

[error occurred during error reporting (printing heap information), id 0xc0000005, EXCEPTION_ACCESS_VIOLATION (0xc0000005) at pc=0x00007ff94f046649]

GC Heap History (0 events):
No events

Dll operation events (1 events):
Event: 0.011 Loaded shared library C:\Program Files\Java\jdk-19\bin\java.dll

Deoptimization events (0 events):
No events

Classes loaded (0 events):
No events

Classes unloaded (0 events):
No events

Classes redefined (0 events):
No events

Internal exceptions (0 events):
No events

VM Operations (0 events):
No events

Events (0 events):
No events


Dynamic libraries:
0x00007ff7da9c0000 - 0x00007ff7da9d0000 	C:\Program Files\Java\jdk-19\bin\java.exe
0x00007ff9caee0000 - 0x00007ff9cb147000 	C:\WINDOWS\SYSTEM32\ntdll.dll
0x00007ff9c95a0000 - 0x00007ff9c9669000 	C:\WINDOWS\System32\KERNEL32.DLL
0x00007ff9c8550000 - 0x00007ff9c8940000 	C:\WINDOWS\System32\KERNELBASE.dll
0x00007ff9c2180000 - 0x00007ff9c221e000 	C:\WINDOWS\SYSTEM32\apphelp.dll
0x00007ff9c89e0000 - 0x00007ff9c8b2b000 	C:\WINDOWS\System32\ucrtbase.dll
0x00007ff9bb190000 - 0x00007ff9bb1ab000 	C:\Program Files\Java\jdk-19\bin\VCRUNTIME140.dll
0x00007ff9bb080000 - 0x00007ff9bb098000 	C:\Program Files\Java\jdk-19\bin\jli.dll
0x00007ff9ca020000 - 0x00007ff9ca0d4000 	C:\WINDOWS\System32\ADVAPI32.dll
0x00007ff9c8db0000 - 0x00007ff9c8e59000 	C:\WINDOWS\System32\msvcrt.dll
0x00007ff9c94a0000 - 0x00007ff9c9546000 	C:\WINDOWS\System32\sechost.dll
0x00007ff9ca1a0000 - 0x00007ff9ca2b8000 	C:\WINDOWS\System32\RPCRT4.dll
0x00007ff9c9cc0000 - 0x00007ff9c9e85000 	C:\WINDOWS\System32\USER32.dll
0x00007ff9c8240000 - 0x00007ff9c8267000 	C:\WINDOWS\System32\win32u.dll
0x00007ff9c9710000 - 0x00007ff9c973b000 	C:\WINDOWS\System32\GDI32.dll
0x00007ff9c8b30000 - 0x00007ff9c8c68000 	C:\WINDOWS\System32\gdi32full.dll
0x00007ff9aa3a0000 - 0x00007ff9aa63a000 	C:\WINDOWS\WinSxS\amd64_microsoft.windows.common-controls_6595b64144ccf1df_6.0.26100.4768_none_3e0c112ce331287c\COMCTL32.dll
0x00007ff9c8190000 - 0x00007ff9c8233000 	C:\WINDOWS\System32\msvcp_win.dll
0x00007ff9c7b00000 - 0x00007ff9c7b0b000 	C:\WINDOWS\SYSTEM32\VERSION.dll
0x00007ff9ca0e0000 - 0x00007ff9ca10f000 	C:\WINDOWS\System32\IMM32.DLL
0x00000000627d0000 - 0x00000000627dc000 	C:\Program Files (x86)\360\Total Security\safemon\SafeWrapper.dll
0x00007ff94dd30000 - 0x00007ff94dddc000 	C:\Program Files (x86)\360\Total Security\safemon\libzdtp64.dll
0x00007ff9ca750000 - 0x00007ff9cae9d000 	C:\WINDOWS\System32\SHELL32.dll
0x00007ff9c83d0000 - 0x00007ff9c8543000 	C:\WINDOWS\System32\wintypes.dll
0x00007ff9c9740000 - 0x00007ff9c9ac5000 	C:\WINDOWS\System32\combase.dll
0x00007ff9c9e90000 - 0x00007ff9c9efa000 	C:\WINDOWS\System32\SHLWAPI.dll
0x00007ff9c20a0000 - 0x00007ff9c20ac000 	C:\Program Files\Java\jdk-19\bin\vcruntime140_1.dll
0x00007ff985a80000 - 0x00007ff985b0e000 	C:\Program Files\Java\jdk-19\bin\msvcp140.dll
0x00007ff94e900000 - 0x00007ff94f5c0000 	C:\Program Files\Java\jdk-19\bin\server\jvm.dll
0x00007ff9c2070000 - 0x00007ff9c207a000 	C:\WINDOWS\SYSTEM32\WSOCK32.dll
0x00007ff9bcba0000 - 0x00007ff9bcbd5000 	C:\WINDOWS\SYSTEM32\WINMM.dll
0x00007ff9c9690000 - 0x00007ff9c9704000 	C:\WINDOWS\System32\WS2_32.dll
0x00007ff9c6ce0000 - 0x00007ff9c6cfb000 	C:\WINDOWS\SYSTEM32\kernel.appcore.dll
0x00007ff9bf020000 - 0x00007ff9bf02a000 	C:\Program Files\Java\jdk-19\bin\jimage.dll
0x00007ff9c5600000 - 0x00007ff9c5841000 	C:\WINDOWS\SYSTEM32\DBGHELP.DLL
0x00007ff9c93a0000 - 0x00007ff9c9480000 	C:\WINDOWS\System32\OLEAUT32.dll
0x00007ff99afc0000 - 0x00007ff99b003000 	C:\WINDOWS\SYSTEM32\dbgcore.DLL
0x00007ff9c8270000 - 0x00007ff9c8309000 	C:\WINDOWS\System32\bcryptPrimitives.dll
0x00007ff9a7a50000 - 0x00007ff9a7a76000 	C:\Program Files\Java\jdk-19\bin\java.dll

dbghelp: loaded successfully - version: 4.0.5 - missing functions: none
symbol engine: initialized successfully - sym options: 0x614 - pdb path: .;C:\Program Files\Java\jdk-19\bin;C:\WINDOWS\SYSTEM32;C:\WINDOWS\WinSxS\amd64_microsoft.windows.common-controls_6595b64144ccf1df_6.0.26100.4768_none_3e0c112ce331287c;C:\Program Files (x86)\360\Total Security\safemon;C:\Program Files\Java\jdk-19\bin\server

VM Arguments:
jvm_args: -Xmx64m -Xms64m -Dorg.gradle.appname=gradlew 
java_command: G:\react native project\AwesomeProject\android\\gradle\wrapper\gradle-wrapper.jar app:installDebug -PreactNativeDevServerPort=8081
java_class_path (initial): G:\react native project\AwesomeProject\android\\gradle\wrapper\gradle-wrapper.jar
Launcher Type: SUN_STANDARD

[Global flags]
     intx CICompilerCount                          = 4                                         {product} {ergonomic}
     uint ConcGCThreads                            = 3                                         {product} {ergonomic}
     uint G1ConcRefinementThreads                  = 10                                        {product} {ergonomic}
   size_t G1HeapRegionSize                         = 1048576                                   {product} {ergonomic}
    uintx GCDrainStackTargetSize                   = 64                                        {product} {ergonomic}
   size_t InitialHeapSize                          = 67108864                                  {product} {command line}
   size_t MarkStackSize                            = 4194304                                   {product} {ergonomic}
   size_t MaxHeapSize                              = 67108864                                  {product} {command line}
   size_t MinHeapDeltaBytes                        = 1048576                                   {product} {ergonomic}
   size_t MinHeapSize                              = 67108864                                  {product} {command line}
    uintx NonNMethodCodeHeapSize                   = 5839372                                {pd product} {ergonomic}
    uintx NonProfiledCodeHeapSize                  = 122909434                              {pd product} {ergonomic}
    uintx ProfiledCodeHeapSize                     = 122909434                              {pd product} {ergonomic}
    uintx ReservedCodeCacheSize                    = 251658240                              {pd product} {ergonomic}
     bool SegmentedCodeCache                       = true                                      {product} {ergonomic}
   size_t SoftMaxHeapSize                          = 67108864                               {manageable} {ergonomic}
     bool UseCompressedClassPointers               = true                           {product lp64_product} {ergonomic}
     bool UseCompressedOops                        = true                           {product lp64_product} {ergonomic}
     bool UseG1GC                                  = true                                      {product} {ergonomic}
     bool UseLargePagesIndividualAllocation        = false                                  {pd product} {ergonomic}

Logging:
Log output configuration:
 #0: stdout all=warning uptime,level,tags foldmultilines=false
 #1: stderr all=off uptime,level,tags foldmultilines=false

Environment Variables:
JAVA_HOME=C:\Program Files\Java\jdk-19
PATH=G:\react native project\AwesomeProject\node_modules\.bin;G:\react native project\AwesomeProject\node_modules\.bin;G:\react native project\node_modules\.bin;G:\node_modules\.bin;C:\Program Files\nodejs\node_modules\npm\node_modules\@npmcli\run-script\lib\node-gyp-bin;C:\Program Files\Common Files\Oracle\Java\javapath;C:\WINDOWS\system32;C:\WINDOWS;C:\WINDOWS\System32\Wbem;C:\WINDOWS\System32\WindowsPowerShell\v1.0\;C:\WINDOWS\System32\OpenSSH\;C:\Program Files\nodejs\;C:\ProgramData\Microsoft\Windows\Start Menu\Programs\Node.js;C:\Program Files\Git\cmd;C:\Program Files\Java\jdk-21\bin;C:\Users\hp\AppData\Local\Android\Sdk\platform-tools;C:\Users\hp\AppData\Local\Android\Sdk\tools;C:\Program Files\MySQL\MySQL Shell 8.0\bin\;C:\Program Files\Java\jdk-21\bin;C:\Users\hp\AppData\Local\Microsoft\WindowsApps;C:\Users\hp\AppData\Local\Programs\Microsoft VS Code\bin;C:\Users\hp\AppData\Roaming\npm;C:\Users\hp\AppData\Local\GitHubDesktop\bin;C:\Users\hp\AppData\Local\Programs\cursor\resources\app\bin
USERNAME=hp
LANG=en_US.UTF-8
OS=Windows_NT
PROCESSOR_IDENTIFIER=Intel64 Family 6 Model 186 Stepping 3, GenuineIntel
TMP=C:\Users\hp\AppData\Local\Temp
TEMP=C:\Users\hp\AppData\Local\Temp



---------------  S Y S T E M  ---------------

OS:
 Windows 11 , 64 bit Build 26100 (10.0.26100.4768)
OS uptime: 1 days 19:40 hours
Hyper-V role detected

CPU: total 12 (initial active 12) (6 cores per cpu, 2 threads per core) family 6 model 186 stepping 3 microcode 0x4123, cx8, cmov, fxsr, ht, mmx, 3dnowpref, sse, sse2, sse3, ssse3, sse4.1, sse4.2, popcnt, lzcnt, tsc, tscinvbit, avx, avx2, aes, erms, clmul, bmi1, bmi2, adx, sha, fma, vzeroupper, clflush, clflushopt, clwb, hv, serialize, rdtscp, rdpid, fsrm

Memory: 4k page, system-wide physical 16027M (3430M free)
TotalPageFile size 33107M (AvailPageFile size 7M)
current process WorkingSet (physical memory assigned to process): 15M, peak: 15M
current process commit charge ("private bytes"): 63M, peak: 64M

vm_info: Java HotSpot(TM) 64-Bit Server VM (19.0.2+7-44) for windows-amd64 JRE (19.0.2+7-44), built on 2022-11-30T18:02:09Z by "mach5one" with MS VC++ 17.1 (VS2022)

END.
